# t1                                                                            
                                                                                
a1: 0                                                                           
                                                                                
# t2                                                                            
                                                                                
1                                                                               
                                                                                
# t3                                                                            
                                                                                
c3: 0                                                                           
                                                                                